[2026-03-07T14:55:48.591+0000] {manager.py:469} INFO - Processing files using up to 1 processes at a time 
[2026-03-07T14:55:48.599+0000] {manager.py:470} INFO - Process each file at most once every 30 seconds
[2026-03-07T14:55:48.602+0000] {manager.py:471} INFO - Checking for new files in /opt/airflow/dags every 300 seconds
[2026-03-07T14:55:48.604+0000] {manager.py:738} INFO - Searching for files in /opt/airflow/dags
[2026-03-07T14:55:48.644+0000] {manager.py:741} INFO - There are 1 files in /opt/airflow/dags
[2026-03-07T14:55:54.205+0000] {manager.py:879} INFO - 
================================================================================
DAG File Processing Stats

File Path                                   PID    Runtime      # DAGs    # Errors  Last Runtime    Last Run
------------------------------------------  -----  ---------  --------  ----------  --------------  -------------------
/opt/airflow/dags/playlist_pipeline_dag.py                           1           0  4.95s           2026-03-07T14:55:54
================================================================================
[2026-03-07T14:56:36.960+0000] {manager.py:879} INFO - 
================================================================================
DAG File Processing Stats

File Path                                   PID    Runtime      # DAGs    # Errors  Last Runtime    Last Run
------------------------------------------  -----  ---------  --------  ----------  --------------  -------------------
/opt/airflow/dags/playlist_pipeline_dag.py                           1           0  10.65s          2026-03-07T14:56:36
================================================================================
[2026-03-07T14:57:43.748+0000] {manager.py:879} INFO - 
================================================================================
DAG File Processing Stats

File Path                                   PID    Runtime      # DAGs    # Errors  Last Runtime    Last Run
------------------------------------------  -----  ---------  --------  ----------  --------------  -------------------
/opt/airflow/dags/playlist_pipeline_dag.py                           1           0  20.67s          2026-03-07T14:57:43
================================================================================
[2026-03-07T14:58:16.742+0000] {manager.py:879} INFO - 
================================================================================
DAG File Processing Stats

File Path                                   PID    Runtime      # DAGs    # Errors  Last Runtime    Last Run
------------------------------------------  -----  ---------  --------  ----------  --------------  -------------------
/opt/airflow/dags/playlist_pipeline_dag.py                           1           0  1.82s           2026-03-07T14:58:16
================================================================================
[2026-03-07T14:59:37.236+0000] {manager.py:879} INFO - 
================================================================================
DAG File Processing Stats

File Path                                   PID    Runtime      # DAGs    # Errors  Last Runtime    Last Run
------------------------------------------  -----  ---------  --------  ----------  --------------  -------------------
/opt/airflow/dags/playlist_pipeline_dag.py                           1           0  3.26s           2026-03-07T14:59:37
================================================================================
[2026-03-07T15:00:13.290+0000] {manager.py:879} INFO - 
================================================================================
DAG File Processing Stats

File Path                                   PID    Runtime      # DAGs    # Errors  Last Runtime    Last Run
------------------------------------------  -----  ---------  --------  ----------  --------------  -------------------
/opt/airflow/dags/playlist_pipeline_dag.py                           1           0  5.46s           2026-03-07T15:00:13
================================================================================
[2026-03-07T15:00:57.135+0000] {manager.py:451} INFO - Exiting gracefully upon receiving signal 15
[2026-03-07T15:16:29.606+0000] {manager.py:469} INFO - Processing files using up to 1 processes at a time 
[2026-03-07T15:16:29.609+0000] {manager.py:470} INFO - Process each file at most once every 30 seconds
[2026-03-07T15:16:29.610+0000] {manager.py:471} INFO - Checking for new files in /opt/airflow/dags every 300 seconds
[2026-03-07T15:16:29.613+0000] {manager.py:738} INFO - Searching for files in /opt/airflow/dags
[2026-03-07T15:16:29.692+0000] {manager.py:741} INFO - There are 1 files in /opt/airflow/dags
[2026-03-07T15:18:25.369+0000] {manager.py:879} INFO - 
================================================================================
DAG File Processing Stats

File Path                                   PID    Runtime      # DAGs    # Errors  Last Runtime    Last Run
------------------------------------------  -----  ---------  --------  ----------  --------------  -------------------
/opt/airflow/dags/playlist_pipeline_dag.py                           0           1  115.12s         2026-03-07T15:18:25
================================================================================
[2026-03-07T15:18:58.483+0000] {manager.py:879} INFO - 
================================================================================
DAG File Processing Stats

File Path                                   PID    Runtime      # DAGs    # Errors  Last Runtime    Last Run
------------------------------------------  -----  ---------  --------  ----------  --------------  -------------------
/opt/airflow/dags/playlist_pipeline_dag.py                           1           0  2.73s           2026-03-07T15:18:58
================================================================================
[2026-03-07T15:19:37.257+0000] {manager.py:879} INFO - 
================================================================================
DAG File Processing Stats

File Path                                   PID    Runtime      # DAGs    # Errors  Last Runtime    Last Run
------------------------------------------  -----  ---------  --------  ----------  --------------  -------------------
/opt/airflow/dags/playlist_pipeline_dag.py                           1           0  7.33s           2026-03-07T15:19:37
================================================================================
[2026-03-07T15:21:34.331+0000] {manager.py:879} INFO - 
================================================================================
DAG File Processing Stats

File Path                                   PID    Runtime      # DAGs    # Errors  Last Runtime    Last Run
------------------------------------------  -----  ---------  --------  ----------  --------------  -------------------
/opt/airflow/dags/playlist_pipeline_dag.py                           1           0  53.63s          2026-03-07T15:21:34
================================================================================
[2026-03-07T15:21:36.466+0000] {manager.py:738} INFO - Searching for files in /opt/airflow/dags
[2026-03-07T15:21:36.698+0000] {manager.py:741} INFO - There are 1 files in /opt/airflow/dags
[2026-03-07T15:22:06.723+0000] {manager.py:879} INFO - 
================================================================================
DAG File Processing Stats

File Path                                   PID    Runtime      # DAGs    # Errors  Last Runtime    Last Run
------------------------------------------  -----  ---------  --------  ----------  --------------  -------------------
/opt/airflow/dags/playlist_pipeline_dag.py                           1           0  2.23s           2026-03-07T15:22:06
================================================================================
[2026-03-07T15:22:39.623+0000] {manager.py:879} INFO - 
================================================================================
DAG File Processing Stats

File Path                                   PID    Runtime      # DAGs    # Errors  Last Runtime    Last Run
------------------------------------------  -----  ---------  --------  ----------  --------------  -------------------
/opt/airflow/dags/playlist_pipeline_dag.py                           1           0  2.12s           2026-03-07T15:22:39
================================================================================
[2026-03-07T15:23:28.368+0000] {manager.py:879} INFO - 
================================================================================
DAG File Processing Stats

File Path                                   PID    Runtime      # DAGs    # Errors  Last Runtime    Last Run
------------------------------------------  -----  ---------  --------  ----------  --------------  -------------------
/opt/airflow/dags/playlist_pipeline_dag.py                           1           0  15.90s          2026-03-07T15:23:28
================================================================================
[2026-03-07T15:24:18.353+0000] {manager.py:879} INFO - 
================================================================================
DAG File Processing Stats

File Path                                   PID    Runtime      # DAGs    # Errors  Last Runtime    Last Run
------------------------------------------  -----  ---------  --------  ----------  --------------  -------------------
/opt/airflow/dags/playlist_pipeline_dag.py                           1           0  19.37s          2026-03-07T15:24:18
================================================================================
[2026-03-07T15:25:16.075+0000] {manager.py:879} INFO - 
================================================================================
DAG File Processing Stats

File Path                                   PID    Runtime      # DAGs    # Errors  Last Runtime    Last Run
------------------------------------------  -----  ---------  --------  ----------  --------------  -------------------
/opt/airflow/dags/playlist_pipeline_dag.py                           1           0  4.89s           2026-03-07T15:25:16
================================================================================
[2026-03-07T15:25:51.342+0000] {manager.py:879} INFO - 
================================================================================
DAG File Processing Stats

File Path                                   PID    Runtime      # DAGs    # Errors  Last Runtime    Last Run
------------------------------------------  -----  ---------  --------  ----------  --------------  -------------------
/opt/airflow/dags/playlist_pipeline_dag.py                           1           0  2.26s           2026-03-07T15:25:51
================================================================================
[2026-03-07T15:26:40.066+0000] {manager.py:879} INFO - 
================================================================================
DAG File Processing Stats

File Path                                   PID    Runtime      # DAGs    # Errors  Last Runtime    Last Run
------------------------------------------  -----  ---------  --------  ----------  --------------  -------------------
/opt/airflow/dags/playlist_pipeline_dag.py                           1           0  18.29s          2026-03-07T15:26:40
================================================================================
[2026-03-07T15:26:42.168+0000] {manager.py:738} INFO - Searching for files in /opt/airflow/dags
[2026-03-07T15:26:42.225+0000] {manager.py:741} INFO - There are 1 files in /opt/airflow/dags
[2026-03-07T15:27:13.827+0000] {manager.py:879} INFO - 
================================================================================
DAG File Processing Stats

File Path                                   PID    Runtime      # DAGs    # Errors  Last Runtime    Last Run
------------------------------------------  -----  ---------  --------  ----------  --------------  -------------------
/opt/airflow/dags/playlist_pipeline_dag.py                           1           0  2.75s           2026-03-07T15:27:13
================================================================================
[2026-03-07T15:28:01.334+0000] {manager.py:879} INFO - 
================================================================================
DAG File Processing Stats

File Path                                   PID    Runtime      # DAGs    # Errors  Last Runtime    Last Run
------------------------------------------  -----  ---------  --------  ----------  --------------  -------------------
/opt/airflow/dags/playlist_pipeline_dag.py                           1           0  2.74s           2026-03-07T15:28:01
================================================================================
[2026-03-07T15:28:46.746+0000] {manager.py:451} INFO - Exiting gracefully upon receiving signal 15
[2026-03-07T15:32:45.352+0000] {manager.py:469} INFO - Processing files using up to 1 processes at a time 
[2026-03-07T15:32:45.354+0000] {manager.py:470} INFO - Process each file at most once every 30 seconds
[2026-03-07T15:32:45.355+0000] {manager.py:471} INFO - Checking for new files in /opt/airflow/dags every 300 seconds
[2026-03-07T15:32:45.356+0000] {manager.py:738} INFO - Searching for files in /opt/airflow/dags
[2026-03-07T15:32:45.398+0000] {manager.py:741} INFO - There are 1 files in /opt/airflow/dags
[2026-03-07T15:32:47.734+0000] {manager.py:879} INFO - 
================================================================================
DAG File Processing Stats

File Path                                   PID    Runtime      # DAGs    # Errors  Last Runtime    Last Run
------------------------------------------  -----  ---------  --------  ----------  --------------  -------------------
/opt/airflow/dags/playlist_pipeline_dag.py                           1           0  1.99s           2026-03-07T15:32:47
================================================================================
[2026-03-07T15:34:06.761+0000] {manager.py:879} INFO - 
================================================================================
DAG File Processing Stats

File Path                                   PID    Runtime      # DAGs    # Errors  Last Runtime    Last Run
------------------------------------------  -----  ---------  --------  ----------  --------------  -------------------
/opt/airflow/dags/playlist_pipeline_dag.py                           1           0  4.78s           2026-03-07T15:34:06
================================================================================
[2026-03-07T15:35:04.703+0000] {manager.py:879} INFO - 
================================================================================
DAG File Processing Stats

File Path                                   PID    Runtime      # DAGs    # Errors  Last Runtime    Last Run
------------------------------------------  -----  ---------  --------  ----------  --------------  -------------------
/opt/airflow/dags/playlist_pipeline_dag.py                           1           0  4.86s           2026-03-07T15:35:04
================================================================================
[2026-03-07T15:35:37.541+0000] {manager.py:879} INFO - 
================================================================================
DAG File Processing Stats

File Path                                   PID    Runtime      # DAGs    # Errors  Last Runtime    Last Run
------------------------------------------  -----  ---------  --------  ----------  --------------  -------------------
/opt/airflow/dags/playlist_pipeline_dag.py                           1           0  2.34s           2026-03-07T15:35:37
================================================================================
[2026-03-07T15:36:11.056+0000] {manager.py:879} INFO - 
================================================================================
DAG File Processing Stats

File Path                                   PID    Runtime      # DAGs    # Errors  Last Runtime    Last Run
------------------------------------------  -----  ---------  --------  ----------  --------------  -------------------
/opt/airflow/dags/playlist_pipeline_dag.py                           1           0  2.34s           2026-03-07T15:36:11
================================================================================
[2026-03-07T15:41:13.294+0000] {manager.py:469} INFO - Processing files using up to 1 processes at a time 
[2026-03-07T15:41:13.296+0000] {manager.py:470} INFO - Process each file at most once every 30 seconds
[2026-03-07T15:41:13.297+0000] {manager.py:471} INFO - Checking for new files in /opt/airflow/dags every 300 seconds
[2026-03-07T15:41:13.298+0000] {manager.py:738} INFO - Searching for files in /opt/airflow/dags
[2026-03-07T15:41:13.344+0000] {manager.py:741} INFO - There are 1 files in /opt/airflow/dags
[2026-03-07T15:41:17.190+0000] {manager.py:879} INFO - 
================================================================================
DAG File Processing Stats

File Path                                   PID    Runtime      # DAGs    # Errors  Last Runtime    Last Run
------------------------------------------  -----  ---------  --------  ----------  --------------  -------------------
/opt/airflow/dags/playlist_pipeline_dag.py                           1           0  3.42s           2026-03-07T15:41:17
================================================================================
[2026-03-07T15:42:05.071+0000] {manager.py:879} INFO - 
================================================================================
DAG File Processing Stats

File Path                                   PID    Runtime      # DAGs    # Errors  Last Runtime    Last Run
------------------------------------------  -----  ---------  --------  ----------  --------------  -------------------
/opt/airflow/dags/playlist_pipeline_dag.py                           1           0  4.32s           2026-03-07T15:42:05
================================================================================
[2026-03-07T15:42:58.860+0000] {manager.py:879} INFO - 
================================================================================
DAG File Processing Stats

File Path                                   PID    Runtime      # DAGs    # Errors  Last Runtime    Last Run
------------------------------------------  -----  ---------  --------  ----------  --------------  -------------------
/opt/airflow/dags/playlist_pipeline_dag.py                           1           0  3.63s           2026-03-07T15:42:58
================================================================================
[2026-03-07T15:44:00.077+0000] {manager.py:879} INFO - 
================================================================================
DAG File Processing Stats

File Path                                   PID    Runtime      # DAGs    # Errors  Last Runtime    Last Run
------------------------------------------  -----  ---------  --------  ----------  --------------  -------------------
/opt/airflow/dags/playlist_pipeline_dag.py                           1           0  30.88s          2026-03-07T15:44:00
================================================================================
[2026-03-07T15:44:34.536+0000] {manager.py:879} INFO - 
================================================================================
DAG File Processing Stats

File Path                                   PID    Runtime      # DAGs    # Errors  Last Runtime    Last Run
------------------------------------------  -----  ---------  --------  ----------  --------------  -------------------
/opt/airflow/dags/playlist_pipeline_dag.py                           1           0  4.34s           2026-03-07T15:44:34
================================================================================
[2026-03-07T15:45:04.339+0000] {manager.py:879} INFO - 
================================================================================
DAG File Processing Stats

File Path                                   PID    Runtime      # DAGs    # Errors  Last Runtime    Last Run
------------------------------------------  -----  ---------  --------  ----------  --------------  -------------------
/opt/airflow/dags/playlist_pipeline_dag.py                           1           0  4.34s           2026-03-07T15:44:34
================================================================================
[2026-03-07T15:46:00.930+0000] {manager.py:879} INFO - 
================================================================================
DAG File Processing Stats

File Path                                   PID    Runtime      # DAGs    # Errors  Last Runtime    Last Run
------------------------------------------  -----  ---------  --------  ----------  --------------  -------------------
/opt/airflow/dags/playlist_pipeline_dag.py                           0           1  54.74s          2026-03-07T15:46:00
================================================================================
[2026-03-07T15:46:13.902+0000] {manager.py:738} INFO - Searching for files in /opt/airflow/dags
[2026-03-07T15:46:14.056+0000] {manager.py:741} INFO - There are 1 files in /opt/airflow/dags
[2026-03-07T15:47:05.352+0000] {manager.py:879} INFO - 
================================================================================
DAG File Processing Stats

File Path                                   PID    Runtime      # DAGs    # Errors  Last Runtime    Last Run
------------------------------------------  -----  ---------  --------  ----------  --------------  -------------------
/opt/airflow/dags/playlist_pipeline_dag.py                           1           0  18.98s          2026-03-07T15:47:05
================================================================================
[2026-03-07T15:48:07.306+0000] {manager.py:879} INFO - 
================================================================================
DAG File Processing Stats

File Path                                   PID    Runtime      # DAGs    # Errors  Last Runtime    Last Run
------------------------------------------  -----  ---------  --------  ----------  --------------  -------------------
/opt/airflow/dags/playlist_pipeline_dag.py                           0           1  31.09s          2026-03-07T15:48:07
================================================================================
[2026-03-07T15:48:11.852+0000] {manager.py:1129} WARNING - Skipping processing of missing file: /opt/airflow/dags/playlist_pipeline_dag.py
[2026-03-07T15:49:49.023+0000] {manager.py:451} INFO - Exiting gracefully upon receiving signal 15
[2026-03-07T15:49:59.541+0000] {manager.py:469} INFO - Processing files using up to 1 processes at a time 
[2026-03-07T15:49:59.544+0000] {manager.py:470} INFO - Process each file at most once every 30 seconds
[2026-03-07T15:49:59.548+0000] {manager.py:471} INFO - Checking for new files in /opt/airflow/dags every 300 seconds
[2026-03-07T15:49:59.553+0000] {manager.py:738} INFO - Searching for files in /opt/airflow/dags
[2026-03-07T15:49:59.571+0000] {manager.py:741} INFO - There are 0 files in /opt/airflow/dags
[2026-03-07T15:54:06.696+0000] {manager.py:451} INFO - Exiting gracefully upon receiving signal 15
[2026-03-07T16:04:34.026+0000] {manager.py:469} INFO - Processing files using up to 1 processes at a time 
[2026-03-07T16:04:34.028+0000] {manager.py:470} INFO - Process each file at most once every 30 seconds
[2026-03-07T16:04:34.030+0000] {manager.py:471} INFO - Checking for new files in /opt/airflow/dags every 300 seconds
[2026-03-07T16:04:34.032+0000] {manager.py:738} INFO - Searching for files in /opt/airflow/dags
[2026-03-07T16:04:34.085+0000] {manager.py:741} INFO - There are 1 files in /opt/airflow/dags
[2026-03-07T16:04:41.427+0000] {manager.py:879} INFO - 
================================================================================
DAG File Processing Stats

File Path                                   PID    Runtime      # DAGs    # Errors  Last Runtime    Last Run
------------------------------------------  -----  ---------  --------  ----------  --------------  -------------------
/opt/airflow/dags/playlist_pipeline_dag.py                           0           1  6.54s           2026-03-07T16:04:41
================================================================================
[2026-03-07T16:05:16.341+0000] {manager.py:879} INFO - 
================================================================================
DAG File Processing Stats

File Path                                   PID    Runtime      # DAGs    # Errors  Last Runtime    Last Run
------------------------------------------  -----  ---------  --------  ----------  --------------  -------------------
/opt/airflow/dags/playlist_pipeline_dag.py                           0           1  4.08s           2026-03-07T16:05:16
================================================================================
[2026-03-07T16:05:51.356+0000] {manager.py:879} INFO - 
================================================================================
DAG File Processing Stats

File Path                                   PID    Runtime      # DAGs    # Errors  Last Runtime    Last Run
------------------------------------------  -----  ---------  --------  ----------  --------------  -------------------
/opt/airflow/dags/playlist_pipeline_dag.py                           0           1  0.56s           2026-03-07T16:05:51
================================================================================
[2026-03-07T16:06:29.866+0000] {manager.py:879} INFO - 
================================================================================
DAG File Processing Stats

File Path                                   PID    Runtime      # DAGs    # Errors  Last Runtime    Last Run
------------------------------------------  -----  ---------  --------  ----------  --------------  -------------------
/opt/airflow/dags/playlist_pipeline_dag.py                           0           1  0.65s           2026-03-07T16:06:29
================================================================================
[2026-03-07T16:07:00.927+0000] {manager.py:879} INFO - 
================================================================================
DAG File Processing Stats

File Path                                   PID    Runtime      # DAGs    # Errors  Last Runtime    Last Run
------------------------------------------  -----  ---------  --------  ----------  --------------  -------------------
/opt/airflow/dags/playlist_pipeline_dag.py                           0           1  0.32s           2026-03-07T16:07:00
================================================================================
[2026-03-07T16:07:45.062+0000] {manager.py:879} INFO - 
================================================================================
DAG File Processing Stats

File Path                                   PID    Runtime      # DAGs    # Errors  Last Runtime    Last Run
------------------------------------------  -----  ---------  --------  ----------  --------------  -------------------
/opt/airflow/dags/playlist_pipeline_dag.py                           0           1  0.43s           2026-03-07T16:07:45
================================================================================
[2026-03-07T16:08:29.594+0000] {manager.py:879} INFO - 
================================================================================
DAG File Processing Stats

File Path                                   PID    Runtime      # DAGs    # Errors  Last Runtime    Last Run
------------------------------------------  -----  ---------  --------  ----------  --------------  -------------------
/opt/airflow/dags/playlist_pipeline_dag.py                           0           1  0.53s           2026-03-07T16:08:29
================================================================================
[2026-03-07T16:09:56.638+0000] {manager.py:451} INFO - Exiting gracefully upon receiving signal 15
[2026-03-07T16:10:04.742+0000] {manager.py:469} INFO - Processing files using up to 1 processes at a time 
[2026-03-07T16:10:04.746+0000] {manager.py:470} INFO - Process each file at most once every 30 seconds
[2026-03-07T16:10:04.748+0000] {manager.py:471} INFO - Checking for new files in /opt/airflow/dags every 300 seconds
[2026-03-07T16:10:04.753+0000] {manager.py:738} INFO - Searching for files in /opt/airflow/dags
[2026-03-07T16:10:04.830+0000] {manager.py:741} INFO - There are 1 files in /opt/airflow/dags
[2026-03-07T16:10:05.425+0000] {manager.py:879} INFO - 
================================================================================
DAG File Processing Stats

File Path                                   PID    Runtime      # DAGs    # Errors  Last Runtime    Last Run
------------------------------------------  -----  ---------  --------  ----------  --------------  -------------------
/opt/airflow/dags/playlist_pipeline_dag.py                           0           1  0.22s           2026-03-07T16:10:05
================================================================================
[2026-03-07T16:11:09.059+0000] {manager.py:879} INFO - 
================================================================================
DAG File Processing Stats

File Path                                   PID    Runtime      # DAGs    # Errors  Last Runtime    Last Run
------------------------------------------  -----  ---------  --------  ----------  --------------  -------------------
/opt/airflow/dags/playlist_pipeline_dag.py                           0           1  1.29s           2026-03-07T16:11:09
================================================================================
[2026-03-07T16:13:59.288+0000] {manager.py:879} INFO - 
================================================================================
DAG File Processing Stats

File Path                                   PID    Runtime      # DAGs    # Errors  Last Runtime    Last Run
------------------------------------------  -----  ---------  --------  ----------  --------------  -------------------
/opt/airflow/dags/playlist_pipeline_dag.py                           0           1  25.96s          2026-03-07T16:13:59
================================================================================
[2026-03-07T16:14:30.725+0000] {manager.py:879} INFO - 
================================================================================
DAG File Processing Stats

File Path                                   PID    Runtime      # DAGs    # Errors  Last Runtime    Last Run
------------------------------------------  -----  ---------  --------  ----------  --------------  -------------------
/opt/airflow/dags/playlist_pipeline_dag.py                           0           1  0.43s           2026-03-07T16:14:29
================================================================================
[2026-03-07T16:15:36.421+0000] {manager.py:738} INFO - Searching for files in /opt/airflow/dags
[2026-03-07T16:15:36.684+0000] {manager.py:741} INFO - There are 1 files in /opt/airflow/dags
[2026-03-07T16:15:37.224+0000] {manager.py:879} INFO - 
================================================================================
DAG File Processing Stats

File Path                                   PID    Runtime      # DAGs    # Errors  Last Runtime    Last Run
------------------------------------------  -----  ---------  --------  ----------  --------------  -------------------
/opt/airflow/dags/playlist_pipeline_dag.py                           0           1  0.32s           2026-03-07T16:15:37
================================================================================
[2026-03-07T16:16:08.245+0000] {manager.py:879} INFO - 
================================================================================
DAG File Processing Stats

File Path                                   PID    Runtime      # DAGs    # Errors  Last Runtime    Last Run
------------------------------------------  -----  ---------  --------  ----------  --------------  -------------------
/opt/airflow/dags/playlist_pipeline_dag.py                           0           1  0.32s           2026-03-07T16:16:08
================================================================================
[2026-03-07T16:16:38.870+0000] {manager.py:879} INFO - 
================================================================================
DAG File Processing Stats

File Path                                   PID    Runtime      # DAGs    # Errors  Last Runtime    Last Run
------------------------------------------  -----  ---------  --------  ----------  --------------  -------------------
/opt/airflow/dags/playlist_pipeline_dag.py                           0           1  0.32s           2026-03-07T16:16:38
================================================================================
[2026-03-07T16:17:09.828+0000] {manager.py:879} INFO - 
================================================================================
DAG File Processing Stats

File Path                                   PID    Runtime      # DAGs    # Errors  Last Runtime    Last Run
------------------------------------------  -----  ---------  --------  ----------  --------------  -------------------
/opt/airflow/dags/playlist_pipeline_dag.py                           0           1  0.21s           2026-03-07T16:17:09
================================================================================
[2026-03-07T16:18:19.974+0000] {manager.py:879} INFO - 
================================================================================
DAG File Processing Stats

File Path                                   PID    Runtime      # DAGs    # Errors  Last Runtime    Last Run
------------------------------------------  -----  ---------  --------  ----------  --------------  -------------------
/opt/airflow/dags/playlist_pipeline_dag.py                           0           1  0.32s           2026-03-07T16:18:19
================================================================================
[2026-03-07T16:18:50.430+0000] {manager.py:879} INFO - 
================================================================================
DAG File Processing Stats

File Path                                   PID    Runtime      # DAGs    # Errors  Last Runtime    Last Run
------------------------------------------  -----  ---------  --------  ----------  --------------  -------------------
/opt/airflow/dags/playlist_pipeline_dag.py                           0           1  0.32s           2026-03-07T16:18:50
================================================================================
[2026-03-07T16:19:21.852+0000] {manager.py:879} INFO - 
================================================================================
DAG File Processing Stats

File Path                                   PID    Runtime      # DAGs    # Errors  Last Runtime    Last Run
------------------------------------------  -----  ---------  --------  ----------  --------------  -------------------
/opt/airflow/dags/playlist_pipeline_dag.py                           0           1  0.31s           2026-03-07T16:19:20
================================================================================
[2026-03-07T16:19:53.223+0000] {manager.py:879} INFO - 
================================================================================
DAG File Processing Stats

File Path                                   PID    Runtime      # DAGs    # Errors  Last Runtime    Last Run
------------------------------------------  -----  ---------  --------  ----------  --------------  -------------------
/opt/airflow/dags/playlist_pipeline_dag.py                           0           1  0.11s           2026-03-07T16:19:51
================================================================================
[2026-03-07T16:20:23.606+0000] {manager.py:879} INFO - 
================================================================================
DAG File Processing Stats

File Path                                   PID    Runtime      # DAGs    # Errors  Last Runtime    Last Run
------------------------------------------  -----  ---------  --------  ----------  --------------  -------------------
/opt/airflow/dags/playlist_pipeline_dag.py                           0           1  0.21s           2026-03-07T16:20:21
================================================================================
[2026-03-07T16:20:37.150+0000] {manager.py:738} INFO - Searching for files in /opt/airflow/dags
[2026-03-07T16:20:37.202+0000] {manager.py:741} INFO - There are 1 files in /opt/airflow/dags
[2026-03-07T16:20:53.961+0000] {manager.py:879} INFO - 
================================================================================
DAG File Processing Stats

File Path                                   PID    Runtime      # DAGs    # Errors  Last Runtime    Last Run
------------------------------------------  -----  ---------  --------  ----------  --------------  -------------------
/opt/airflow/dags/playlist_pipeline_dag.py                           0           1  0.21s           2026-03-07T16:20:51
================================================================================
[2026-03-07T16:44:54.199+0000] {manager.py:738} INFO - Searching for files in /opt/airflow/dags
[2026-03-07T16:44:55.924+0000] {manager.py:741} INFO - There are 1 files in /opt/airflow/dags
[2026-03-07T16:48:34.268+0000] {manager.py:879} INFO - 
================================================================================
DAG File Processing Stats

File Path                                   PID    Runtime      # DAGs    # Errors  Last Runtime    Last Run
------------------------------------------  -----  ---------  --------  ----------  --------------  -------------------
/opt/airflow/dags/playlist_pipeline_dag.py                           0           1  172.24s         2026-03-07T16:48:20
================================================================================
[2026-03-07T16:49:04.828+0000] {manager.py:879} INFO - 
================================================================================
DAG File Processing Stats

File Path                                   PID    Runtime      # DAGs    # Errors  Last Runtime    Last Run
------------------------------------------  -----  ---------  --------  ----------  --------------  -------------------
/opt/airflow/dags/playlist_pipeline_dag.py                           0           1  0.46s           2026-03-07T16:48:52
================================================================================
[2026-03-07T16:49:34.943+0000] {manager.py:879} INFO - 
================================================================================
DAG File Processing Stats

File Path                                   PID    Runtime      # DAGs    # Errors  Last Runtime    Last Run
------------------------------------------  -----  ---------  --------  ----------  --------------  -------------------
/opt/airflow/dags/playlist_pipeline_dag.py                           0           1  0.21s           2026-03-07T16:49:22
================================================================================
[2026-03-07T16:49:54.339+0000] {manager.py:738} INFO - Searching for files in /opt/airflow/dags
[2026-03-07T16:49:54.389+0000] {manager.py:741} INFO - There are 1 files in /opt/airflow/dags
[2026-03-07T16:50:05.151+0000] {manager.py:879} INFO - 
================================================================================
DAG File Processing Stats

File Path                                   PID    Runtime      # DAGs    # Errors  Last Runtime    Last Run
------------------------------------------  -----  ---------  --------  ----------  --------------  -------------------
/opt/airflow/dags/playlist_pipeline_dag.py                           0           1  0.22s           2026-03-07T16:49:53
================================================================================
[2026-03-07T16:50:35.424+0000] {manager.py:879} INFO - 
================================================================================
DAG File Processing Stats

File Path                                   PID    Runtime      # DAGs    # Errors  Last Runtime    Last Run
------------------------------------------  -----  ---------  --------  ----------  --------------  -------------------
/opt/airflow/dags/playlist_pipeline_dag.py                           0           1  0.46s           2026-03-07T16:50:23
================================================================================
[2026-03-07T16:51:06.203+0000] {manager.py:879} INFO - 
================================================================================
DAG File Processing Stats

File Path                                   PID    Runtime      # DAGs    # Errors  Last Runtime    Last Run
------------------------------------------  -----  ---------  --------  ----------  --------------  -------------------
/opt/airflow/dags/playlist_pipeline_dag.py                           0           1  0.36s           2026-03-07T16:50:54
================================================================================
[2026-03-07T16:51:36.405+0000] {manager.py:879} INFO - 
================================================================================
DAG File Processing Stats

File Path                                   PID    Runtime      # DAGs    # Errors  Last Runtime    Last Run
------------------------------------------  -----  ---------  --------  ----------  --------------  -------------------
/opt/airflow/dags/playlist_pipeline_dag.py                           0           1  0.23s           2026-03-07T16:51:25
================================================================================
[2026-03-07T16:52:06.967+0000] {manager.py:879} INFO - 
================================================================================
DAG File Processing Stats

File Path                                   PID    Runtime      # DAGs    # Errors  Last Runtime    Last Run
------------------------------------------  -----  ---------  --------  ----------  --------------  -------------------
/opt/airflow/dags/playlist_pipeline_dag.py                           0           1  0.23s           2026-03-07T16:51:56
================================================================================
[2026-03-07T16:52:37.481+0000] {manager.py:879} INFO - 
================================================================================
DAG File Processing Stats

File Path                                   PID    Runtime      # DAGs    # Errors  Last Runtime    Last Run
------------------------------------------  -----  ---------  --------  ----------  --------------  -------------------
/opt/airflow/dags/playlist_pipeline_dag.py                           0           1  0.22s           2026-03-07T16:52:27
================================================================================
[2026-03-07T16:53:07.746+0000] {manager.py:879} INFO - 
================================================================================
DAG File Processing Stats

File Path                                   PID    Runtime      # DAGs    # Errors  Last Runtime    Last Run
------------------------------------------  -----  ---------  --------  ----------  --------------  -------------------
/opt/airflow/dags/playlist_pipeline_dag.py                           0           1  0.23s           2026-03-07T16:52:57
================================================================================
[2026-03-07T16:53:37.896+0000] {manager.py:879} INFO - 
================================================================================
DAG File Processing Stats

File Path                                   PID    Runtime      # DAGs    # Errors  Last Runtime    Last Run
------------------------------------------  -----  ---------  --------  ----------  --------------  -------------------
/opt/airflow/dags/playlist_pipeline_dag.py                           0           1  0.21s           2026-03-07T16:53:28
================================================================================
[2026-03-07T16:54:08.866+0000] {manager.py:879} INFO - 
================================================================================
DAG File Processing Stats

File Path                                   PID    Runtime      # DAGs    # Errors  Last Runtime    Last Run
------------------------------------------  -----  ---------  --------  ----------  --------------  -------------------
/opt/airflow/dags/playlist_pipeline_dag.py                           0           1  0.22s           2026-03-07T16:53:58
================================================================================
[2026-03-07T16:54:39.027+0000] {manager.py:879} INFO - 
================================================================================
DAG File Processing Stats

File Path                                   PID    Runtime      # DAGs    # Errors  Last Runtime    Last Run
------------------------------------------  -----  ---------  --------  ----------  --------------  -------------------
/opt/airflow/dags/playlist_pipeline_dag.py                           0           1  0.22s           2026-03-07T16:54:29
================================================================================
[2026-03-07T16:54:55.082+0000] {manager.py:738} INFO - Searching for files in /opt/airflow/dags
[2026-03-07T16:54:55.112+0000] {manager.py:741} INFO - There are 1 files in /opt/airflow/dags
[2026-03-07T16:55:09.596+0000] {manager.py:879} INFO - 
================================================================================
DAG File Processing Stats

File Path                                   PID    Runtime      # DAGs    # Errors  Last Runtime    Last Run
------------------------------------------  -----  ---------  --------  ----------  --------------  -------------------
/opt/airflow/dags/playlist_pipeline_dag.py                           0           1  0.22s           2026-03-07T16:54:59
================================================================================
[2026-03-07T16:55:57.717+0000] {manager.py:469} INFO - Processing files using up to 1 processes at a time 
[2026-03-07T16:55:57.719+0000] {manager.py:470} INFO - Process each file at most once every 30 seconds
[2026-03-07T16:55:57.720+0000] {manager.py:471} INFO - Checking for new files in /opt/airflow/dags every 300 seconds
[2026-03-07T16:55:57.721+0000] {manager.py:738} INFO - Searching for files in /opt/airflow/dags
[2026-03-07T16:55:57.762+0000] {manager.py:741} INFO - There are 1 files in /opt/airflow/dags
[2026-03-07T16:55:58.109+0000] {manager.py:879} INFO - 
================================================================================
DAG File Processing Stats

File Path                                   PID    Runtime      # DAGs    # Errors  Last Runtime    Last Run
------------------------------------------  -----  ---------  --------  ----------  --------------  -------------------
/opt/airflow/dags/playlist_pipeline_dag.py                           0           1  0.21s           2026-03-07T16:55:58
================================================================================
[2026-03-07T16:56:28.071+0000] {manager.py:879} INFO - 
================================================================================
DAG File Processing Stats

File Path                                   PID    Runtime      # DAGs    # Errors  Last Runtime    Last Run
------------------------------------------  -----  ---------  --------  ----------  --------------  -------------------
/opt/airflow/dags/playlist_pipeline_dag.py                           0           1  0.21s           2026-03-07T16:55:58
================================================================================
[2026-03-07T16:57:35.417+0000] {manager.py:879} INFO - 
================================================================================
DAG File Processing Stats

File Path                                   PID    Runtime      # DAGs    # Errors  Last Runtime    Last Run
------------------------------------------  -----  ---------  --------  ----------  --------------  -------------------
/opt/airflow/dags/playlist_pipeline_dag.py                           0           1  0.96s           2026-03-07T16:57:35
================================================================================
[2026-03-07T16:58:41.806+0000] {manager.py:469} INFO - Processing files using up to 1 processes at a time 
[2026-03-07T16:58:41.809+0000] {manager.py:470} INFO - Process each file at most once every 30 seconds
[2026-03-07T16:58:41.810+0000] {manager.py:471} INFO - Checking for new files in /opt/airflow/dags every 300 seconds
[2026-03-07T16:58:41.812+0000] {manager.py:738} INFO - Searching for files in /opt/airflow/dags
[2026-03-07T16:58:41.858+0000] {manager.py:741} INFO - There are 1 files in /opt/airflow/dags
[2026-03-07T16:58:50.592+0000] {manager.py:879} INFO - 
================================================================================
DAG File Processing Stats

File Path                                   PID    Runtime      # DAGs    # Errors  Last Runtime    Last Run
------------------------------------------  -----  ---------  --------  ----------  --------------  -------------------
/opt/airflow/dags/playlist_pipeline_dag.py                           1           0  8.53s           2026-03-07T16:58:50
================================================================================
[2026-03-07T16:59:27.150+0000] {manager.py:879} INFO - 
================================================================================
DAG File Processing Stats

File Path                                   PID    Runtime      # DAGs    # Errors  Last Runtime    Last Run
------------------------------------------  -----  ---------  --------  ----------  --------------  -------------------
/opt/airflow/dags/playlist_pipeline_dag.py                           1           0  3.84s           2026-03-07T16:59:27
================================================================================
[2026-03-07T17:00:13.549+0000] {manager.py:879} INFO - 
================================================================================
DAG File Processing Stats

File Path                                   PID    Runtime      # DAGs    # Errors  Last Runtime    Last Run
------------------------------------------  -----  ---------  --------  ----------  --------------  -------------------
/opt/airflow/dags/playlist_pipeline_dag.py                           1           0  2.86s           2026-03-07T17:00:13
================================================================================
[2026-03-07T17:00:47.091+0000] {manager.py:879} INFO - 
================================================================================
DAG File Processing Stats

File Path                                   PID    Runtime      # DAGs    # Errors  Last Runtime    Last Run
------------------------------------------  -----  ---------  --------  ----------  --------------  -------------------
/opt/airflow/dags/playlist_pipeline_dag.py                           1           0  2.54s           2026-03-07T17:00:47
================================================================================
[2026-03-07T17:01:48.038+0000] {manager.py:469} INFO - Processing files using up to 1 processes at a time 
[2026-03-07T17:01:48.042+0000] {manager.py:470} INFO - Process each file at most once every 30 seconds
[2026-03-07T17:01:48.045+0000] {manager.py:471} INFO - Checking for new files in /opt/airflow/dags every 300 seconds
[2026-03-07T17:01:48.047+0000] {manager.py:738} INFO - Searching for files in /opt/airflow/dags
[2026-03-07T17:01:48.097+0000] {manager.py:741} INFO - There are 1 files in /opt/airflow/dags
[2026-03-07T17:01:55.666+0000] {manager.py:879} INFO - 
================================================================================
DAG File Processing Stats

File Path                                   PID    Runtime      # DAGs    # Errors  Last Runtime    Last Run
------------------------------------------  -----  ---------  --------  ----------  --------------  -------------------
/opt/airflow/dags/playlist_pipeline_dag.py                           1           0  7.34s           2026-03-07T17:01:55
================================================================================
[2026-03-07T17:02:30.251+0000] {manager.py:879} INFO - 
================================================================================
DAG File Processing Stats

File Path                                   PID    Runtime      # DAGs    # Errors  Last Runtime    Last Run
------------------------------------------  -----  ---------  --------  ----------  --------------  -------------------
/opt/airflow/dags/playlist_pipeline_dag.py                           1           0  4.27s           2026-03-07T17:02:30
================================================================================
[2026-03-07T17:03:04.270+0000] {manager.py:879} INFO - 
================================================================================
DAG File Processing Stats

File Path                                   PID    Runtime      # DAGs    # Errors  Last Runtime    Last Run
------------------------------------------  -----  ---------  --------  ----------  --------------  -------------------
/opt/airflow/dags/playlist_pipeline_dag.py                           1           0  3.26s           2026-03-07T17:03:04
================================================================================
[2026-03-07T17:04:09.477+0000] {manager.py:879} INFO - 
================================================================================
DAG File Processing Stats

File Path                                   PID    Runtime      # DAGs    # Errors  Last Runtime    Last Run
------------------------------------------  -----  ---------  --------  ----------  --------------  -------------------
/opt/airflow/dags/playlist_pipeline_dag.py                           1           0  4.75s           2026-03-07T17:04:09
================================================================================
[2026-03-07T17:04:48.213+0000] {manager.py:879} INFO - 
================================================================================
DAG File Processing Stats

File Path                                   PID    Runtime      # DAGs    # Errors  Last Runtime    Last Run
------------------------------------------  -----  ---------  --------  ----------  --------------  -------------------
/opt/airflow/dags/playlist_pipeline_dag.py                           1           0  8.12s           2026-03-07T17:04:48
================================================================================
[2026-03-07T17:57:50.411+0000] {manager.py:469} INFO - Processing files using up to 1 processes at a time 
[2026-03-07T17:57:50.416+0000] {manager.py:470} INFO - Process each file at most once every 30 seconds
[2026-03-07T17:57:50.418+0000] {manager.py:471} INFO - Checking for new files in /opt/airflow/dags every 300 seconds
[2026-03-07T17:57:50.419+0000] {manager.py:738} INFO - Searching for files in /opt/airflow/dags
[2026-03-07T17:57:50.553+0000] {manager.py:741} INFO - There are 1 files in /opt/airflow/dags
[2026-03-07T17:57:52.207+0000] {manager.py:879} INFO - 
================================================================================
DAG File Processing Stats

File Path                                   PID    Runtime      # DAGs    # Errors  Last Runtime    Last Run
------------------------------------------  -----  ---------  --------  ----------  --------------  -------------------
/opt/airflow/dags/playlist_pipeline_dag.py                           1           0  1.32s           2026-03-07T17:57:52
================================================================================
[2026-03-07T17:58:26.033+0000] {manager.py:879} INFO - 
================================================================================
DAG File Processing Stats

File Path                                   PID    Runtime      # DAGs    # Errors  Last Runtime    Last Run
------------------------------------------  -----  ---------  --------  ----------  --------------  -------------------
/opt/airflow/dags/playlist_pipeline_dag.py                           1           0  2.75s           2026-03-07T17:58:26
================================================================================
[2026-03-07T17:58:57.508+0000] {manager.py:879} INFO - 
================================================================================
DAG File Processing Stats

File Path                                   PID    Runtime      # DAGs    # Errors  Last Runtime    Last Run
------------------------------------------  -----  ---------  --------  ----------  --------------  -------------------
/opt/airflow/dags/playlist_pipeline_dag.py                           1           0  1.21s           2026-03-07T17:58:57
================================================================================
[2026-03-07T17:59:29.645+0000] {manager.py:879} INFO - 
================================================================================
DAG File Processing Stats

File Path                                   PID    Runtime      # DAGs    # Errors  Last Runtime    Last Run
------------------------------------------  -----  ---------  --------  ----------  --------------  -------------------
/opt/airflow/dags/playlist_pipeline_dag.py                           1           0  1.13s           2026-03-07T17:59:29
================================================================================
[2026-03-07T18:00:01.228+0000] {manager.py:879} INFO - 
================================================================================
DAG File Processing Stats

File Path                                   PID    Runtime      # DAGs    # Errors  Last Runtime    Last Run
------------------------------------------  -----  ---------  --------  ----------  --------------  -------------------
/opt/airflow/dags/playlist_pipeline_dag.py                           1           0  1.32s           2026-03-07T18:00:01
================================================================================
[2026-03-07T18:00:33.218+0000] {manager.py:879} INFO - 
================================================================================
DAG File Processing Stats

File Path                                   PID    Runtime      # DAGs    # Errors  Last Runtime    Last Run
------------------------------------------  -----  ---------  --------  ----------  --------------  -------------------
/opt/airflow/dags/playlist_pipeline_dag.py                           1           0  1.42s           2026-03-07T18:00:33
================================================================================
[2026-03-07T18:01:04.825+0000] {manager.py:879} INFO - 
================================================================================
DAG File Processing Stats

File Path                                   PID    Runtime      # DAGs    # Errors  Last Runtime    Last Run
------------------------------------------  -----  ---------  --------  ----------  --------------  -------------------
/opt/airflow/dags/playlist_pipeline_dag.py                           1           0  1.13s           2026-03-07T18:01:04
================================================================================
[2026-03-07T18:01:36.848+0000] {manager.py:879} INFO - 
================================================================================
DAG File Processing Stats

File Path                                   PID    Runtime      # DAGs    # Errors  Last Runtime    Last Run
------------------------------------------  -----  ---------  --------  ----------  --------------  -------------------
/opt/airflow/dags/playlist_pipeline_dag.py                           1           0  1.52s           2026-03-07T18:01:36
================================================================================
[2026-03-07T18:02:08.655+0000] {manager.py:879} INFO - 
================================================================================
DAG File Processing Stats

File Path                                   PID    Runtime      # DAGs    # Errors  Last Runtime    Last Run
------------------------------------------  -----  ---------  --------  ----------  --------------  -------------------
/opt/airflow/dags/playlist_pipeline_dag.py                           1           0  1.43s           2026-03-07T18:02:08
================================================================================
[2026-03-07T18:02:40.296+0000] {manager.py:879} INFO - 
================================================================================
DAG File Processing Stats

File Path                                   PID    Runtime      # DAGs    # Errors  Last Runtime    Last Run
------------------------------------------  -----  ---------  --------  ----------  --------------  -------------------
/opt/airflow/dags/playlist_pipeline_dag.py                           1           0  1.02s           2026-03-07T18:02:40
================================================================================
[2026-03-07T18:03:04.586+0000] {manager.py:469} INFO - Processing files using up to 1 processes at a time 
[2026-03-07T18:03:04.592+0000] {manager.py:470} INFO - Process each file at most once every 30 seconds
[2026-03-07T18:03:04.598+0000] {manager.py:471} INFO - Checking for new files in /opt/airflow/dags every 300 seconds
[2026-03-07T18:03:04.600+0000] {manager.py:738} INFO - Searching for files in /opt/airflow/dags
[2026-03-07T18:03:04.726+0000] {manager.py:741} INFO - There are 1 files in /opt/airflow/dags
[2026-03-07T18:03:09.544+0000] {manager.py:879} INFO - 
================================================================================
DAG File Processing Stats

File Path                                   PID    Runtime      # DAGs    # Errors  Last Runtime    Last Run
------------------------------------------  -----  ---------  --------  ----------  --------------  -------------------
/opt/airflow/dags/playlist_pipeline_dag.py                           1           0  3.88s           2026-03-07T18:03:09
================================================================================
[2026-03-07T18:03:41.767+0000] {manager.py:879} INFO - 
================================================================================
DAG File Processing Stats

File Path                                   PID    Runtime      # DAGs    # Errors  Last Runtime    Last Run
------------------------------------------  -----  ---------  --------  ----------  --------------  -------------------
/opt/airflow/dags/playlist_pipeline_dag.py                           1           0  2.12s           2026-03-07T18:03:41
================================================================================
[2026-03-07T18:04:14.048+0000] {manager.py:879} INFO - 
================================================================================
DAG File Processing Stats

File Path                                   PID    Runtime      # DAGs    # Errors  Last Runtime    Last Run
------------------------------------------  -----  ---------  --------  ----------  --------------  -------------------
/opt/airflow/dags/playlist_pipeline_dag.py                           1           0  1.13s           2026-03-07T18:04:14
================================================================================
[2026-03-07T18:04:46.086+0000] {manager.py:879} INFO - 
================================================================================
DAG File Processing Stats

File Path                                   PID    Runtime      # DAGs    # Errors  Last Runtime    Last Run
------------------------------------------  -----  ---------  --------  ----------  --------------  -------------------
/opt/airflow/dags/playlist_pipeline_dag.py                           1           0  1.15s           2026-03-07T18:04:46
================================================================================
