[2026-03-08T07:46:51.458+0000] {processor.py:161} INFO - Started process (PID=51) to work on /opt/airflow/dags/playlist_pipeline_dag.py
[2026-03-08T07:46:51.460+0000] {processor.py:830} INFO - Processing file /opt/airflow/dags/playlist_pipeline_dag.py for tasks to queue
[2026-03-08T07:46:51.463+0000] {logging_mixin.py:188} INFO - [2026-03-08T07:46:51.462+0000] {dagbag.py:538} INFO - Filling up the DagBag from /opt/airflow/dags/playlist_pipeline_dag.py
[2026-03-08T07:46:52.502+0000] {processor.py:840} INFO - DAG(s) 'playlist_pipeline' retrieved from /opt/airflow/dags/playlist_pipeline_dag.py
[2026-03-08T07:46:52.522+0000] {logging_mixin.py:188} INFO - [2026-03-08T07:46:52.522+0000] {dag.py:3036} INFO - Sync 1 DAGs
[2026-03-08T07:46:52.544+0000] {logging_mixin.py:188} INFO - [2026-03-08T07:46:52.544+0000] {dag.py:3823} INFO - Setting next_dagrun for playlist_pipeline to None, run_after=None
[2026-03-08T07:46:52.639+0000] {processor.py:183} INFO - Processing /opt/airflow/dags/playlist_pipeline_dag.py took 1.189 seconds
[2026-03-08T07:47:23.411+0000] {processor.py:161} INFO - Started process (PID=68) to work on /opt/airflow/dags/playlist_pipeline_dag.py
[2026-03-08T07:47:23.413+0000] {processor.py:830} INFO - Processing file /opt/airflow/dags/playlist_pipeline_dag.py for tasks to queue
[2026-03-08T07:47:23.417+0000] {logging_mixin.py:188} INFO - [2026-03-08T07:47:23.416+0000] {dagbag.py:538} INFO - Filling up the DagBag from /opt/airflow/dags/playlist_pipeline_dag.py
[2026-03-08T07:47:24.394+0000] {processor.py:840} INFO - DAG(s) 'playlist_pipeline' retrieved from /opt/airflow/dags/playlist_pipeline_dag.py
[2026-03-08T07:47:24.592+0000] {logging_mixin.py:188} INFO - [2026-03-08T07:47:24.590+0000] {dag.py:3036} INFO - Sync 1 DAGs
[2026-03-08T07:47:24.628+0000] {logging_mixin.py:188} INFO - [2026-03-08T07:47:24.628+0000] {dag.py:3823} INFO - Setting next_dagrun for playlist_pipeline to None, run_after=None
[2026-03-08T07:47:24.745+0000] {processor.py:183} INFO - Processing /opt/airflow/dags/playlist_pipeline_dag.py took 1.342 seconds
[2026-03-08T07:48:00.037+0000] {processor.py:161} INFO - Started process (PID=110) to work on /opt/airflow/dags/playlist_pipeline_dag.py
[2026-03-08T07:48:00.039+0000] {processor.py:830} INFO - Processing file /opt/airflow/dags/playlist_pipeline_dag.py for tasks to queue
[2026-03-08T07:48:00.042+0000] {logging_mixin.py:188} INFO - [2026-03-08T07:48:00.041+0000] {dagbag.py:538} INFO - Filling up the DagBag from /opt/airflow/dags/playlist_pipeline_dag.py
[2026-03-08T07:48:00.769+0000] {processor.py:840} INFO - DAG(s) 'playlist_pipeline' retrieved from /opt/airflow/dags/playlist_pipeline_dag.py
[2026-03-08T07:48:00.820+0000] {logging_mixin.py:188} INFO - [2026-03-08T07:48:00.818+0000] {dag.py:3036} INFO - Sync 1 DAGs
[2026-03-08T07:48:00.847+0000] {logging_mixin.py:188} INFO - [2026-03-08T07:48:00.847+0000] {dag.py:3823} INFO - Setting next_dagrun for playlist_pipeline to None, run_after=None
[2026-03-08T07:48:00.937+0000] {processor.py:183} INFO - Processing /opt/airflow/dags/playlist_pipeline_dag.py took 0.908 seconds
[2026-03-08T07:48:31.890+0000] {processor.py:161} INFO - Started process (PID=141) to work on /opt/airflow/dags/playlist_pipeline_dag.py
[2026-03-08T07:48:31.892+0000] {processor.py:830} INFO - Processing file /opt/airflow/dags/playlist_pipeline_dag.py for tasks to queue
[2026-03-08T07:48:31.895+0000] {logging_mixin.py:188} INFO - [2026-03-08T07:48:31.894+0000] {dagbag.py:538} INFO - Filling up the DagBag from /opt/airflow/dags/playlist_pipeline_dag.py
[2026-03-08T07:48:32.659+0000] {processor.py:840} INFO - DAG(s) 'playlist_pipeline' retrieved from /opt/airflow/dags/playlist_pipeline_dag.py
[2026-03-08T07:48:32.705+0000] {logging_mixin.py:188} INFO - [2026-03-08T07:48:32.704+0000] {dag.py:3036} INFO - Sync 1 DAGs
[2026-03-08T07:48:32.729+0000] {logging_mixin.py:188} INFO - [2026-03-08T07:48:32.727+0000] {dag.py:3823} INFO - Setting next_dagrun for playlist_pipeline to None, run_after=None
[2026-03-08T07:48:32.822+0000] {processor.py:183} INFO - Processing /opt/airflow/dags/playlist_pipeline_dag.py took 0.940 seconds
[2026-03-08T07:49:03.426+0000] {processor.py:161} INFO - Started process (PID=156) to work on /opt/airflow/dags/playlist_pipeline_dag.py
[2026-03-08T07:49:03.431+0000] {processor.py:830} INFO - Processing file /opt/airflow/dags/playlist_pipeline_dag.py for tasks to queue
[2026-03-08T07:49:03.438+0000] {logging_mixin.py:188} INFO - [2026-03-08T07:49:03.433+0000] {dagbag.py:538} INFO - Filling up the DagBag from /opt/airflow/dags/playlist_pipeline_dag.py
[2026-03-08T07:49:04.168+0000] {processor.py:840} INFO - DAG(s) 'playlist_pipeline' retrieved from /opt/airflow/dags/playlist_pipeline_dag.py
[2026-03-08T07:49:04.215+0000] {logging_mixin.py:188} INFO - [2026-03-08T07:49:04.213+0000] {dag.py:3036} INFO - Sync 1 DAGs
[2026-03-08T07:49:04.243+0000] {logging_mixin.py:188} INFO - [2026-03-08T07:49:04.242+0000] {dag.py:3823} INFO - Setting next_dagrun for playlist_pipeline to None, run_after=None
[2026-03-08T07:49:04.340+0000] {processor.py:183} INFO - Processing /opt/airflow/dags/playlist_pipeline_dag.py took 0.919 seconds
[2026-03-08T07:49:34.573+0000] {processor.py:161} INFO - Started process (PID=158) to work on /opt/airflow/dags/playlist_pipeline_dag.py
[2026-03-08T07:49:34.575+0000] {processor.py:830} INFO - Processing file /opt/airflow/dags/playlist_pipeline_dag.py for tasks to queue
[2026-03-08T07:49:34.578+0000] {logging_mixin.py:188} INFO - [2026-03-08T07:49:34.577+0000] {dagbag.py:538} INFO - Filling up the DagBag from /opt/airflow/dags/playlist_pipeline_dag.py
[2026-03-08T07:49:35.255+0000] {processor.py:840} INFO - DAG(s) 'playlist_pipeline' retrieved from /opt/airflow/dags/playlist_pipeline_dag.py
[2026-03-08T07:49:35.284+0000] {logging_mixin.py:188} INFO - [2026-03-08T07:49:35.283+0000] {dag.py:3036} INFO - Sync 1 DAGs
[2026-03-08T07:49:35.306+0000] {logging_mixin.py:188} INFO - [2026-03-08T07:49:35.305+0000] {dag.py:3823} INFO - Setting next_dagrun for playlist_pipeline to None, run_after=None
[2026-03-08T07:49:35.369+0000] {processor.py:183} INFO - Processing /opt/airflow/dags/playlist_pipeline_dag.py took 0.800 seconds
[2026-03-08T07:50:05.943+0000] {processor.py:161} INFO - Started process (PID=160) to work on /opt/airflow/dags/playlist_pipeline_dag.py
[2026-03-08T07:50:05.948+0000] {processor.py:830} INFO - Processing file /opt/airflow/dags/playlist_pipeline_dag.py for tasks to queue
[2026-03-08T07:50:05.952+0000] {logging_mixin.py:188} INFO - [2026-03-08T07:50:05.951+0000] {dagbag.py:538} INFO - Filling up the DagBag from /opt/airflow/dags/playlist_pipeline_dag.py
[2026-03-08T07:50:07.375+0000] {processor.py:840} INFO - DAG(s) 'playlist_pipeline' retrieved from /opt/airflow/dags/playlist_pipeline_dag.py
[2026-03-08T07:50:07.447+0000] {logging_mixin.py:188} INFO - [2026-03-08T07:50:07.446+0000] {dag.py:3036} INFO - Sync 1 DAGs
[2026-03-08T07:50:07.475+0000] {logging_mixin.py:188} INFO - [2026-03-08T07:50:07.474+0000] {dag.py:3823} INFO - Setting next_dagrun for playlist_pipeline to None, run_after=None
[2026-03-08T07:50:07.548+0000] {processor.py:183} INFO - Processing /opt/airflow/dags/playlist_pipeline_dag.py took 1.613 seconds
[2026-03-08T07:50:37.993+0000] {processor.py:161} INFO - Started process (PID=163) to work on /opt/airflow/dags/playlist_pipeline_dag.py
[2026-03-08T07:50:37.995+0000] {processor.py:830} INFO - Processing file /opt/airflow/dags/playlist_pipeline_dag.py for tasks to queue
[2026-03-08T07:50:37.997+0000] {logging_mixin.py:188} INFO - [2026-03-08T07:50:37.997+0000] {dagbag.py:538} INFO - Filling up the DagBag from /opt/airflow/dags/playlist_pipeline_dag.py
[2026-03-08T07:50:38.821+0000] {processor.py:840} INFO - DAG(s) 'playlist_pipeline' retrieved from /opt/airflow/dags/playlist_pipeline_dag.py
[2026-03-08T07:50:38.862+0000] {logging_mixin.py:188} INFO - [2026-03-08T07:50:38.861+0000] {dag.py:3036} INFO - Sync 1 DAGs
[2026-03-08T07:50:38.882+0000] {logging_mixin.py:188} INFO - [2026-03-08T07:50:38.882+0000] {dag.py:3823} INFO - Setting next_dagrun for playlist_pipeline to None, run_after=None
[2026-03-08T07:50:38.975+0000] {processor.py:183} INFO - Processing /opt/airflow/dags/playlist_pipeline_dag.py took 0.986 seconds
[2026-03-08T07:51:09.343+0000] {processor.py:161} INFO - Started process (PID=166) to work on /opt/airflow/dags/playlist_pipeline_dag.py
[2026-03-08T07:51:09.345+0000] {processor.py:830} INFO - Processing file /opt/airflow/dags/playlist_pipeline_dag.py for tasks to queue
[2026-03-08T07:51:09.348+0000] {logging_mixin.py:188} INFO - [2026-03-08T07:51:09.347+0000] {dagbag.py:538} INFO - Filling up the DagBag from /opt/airflow/dags/playlist_pipeline_dag.py
[2026-03-08T07:51:10.266+0000] {processor.py:840} INFO - DAG(s) 'playlist_pipeline' retrieved from /opt/airflow/dags/playlist_pipeline_dag.py
[2026-03-08T07:51:10.304+0000] {logging_mixin.py:188} INFO - [2026-03-08T07:51:10.304+0000] {dag.py:3036} INFO - Sync 1 DAGs
[2026-03-08T07:51:10.327+0000] {logging_mixin.py:188} INFO - [2026-03-08T07:51:10.327+0000] {dag.py:3823} INFO - Setting next_dagrun for playlist_pipeline to None, run_after=None
[2026-03-08T07:51:10.411+0000] {processor.py:183} INFO - Processing /opt/airflow/dags/playlist_pipeline_dag.py took 1.074 seconds
[2026-03-08T07:51:40.786+0000] {processor.py:161} INFO - Started process (PID=168) to work on /opt/airflow/dags/playlist_pipeline_dag.py
[2026-03-08T07:51:40.790+0000] {processor.py:830} INFO - Processing file /opt/airflow/dags/playlist_pipeline_dag.py for tasks to queue
[2026-03-08T07:51:40.792+0000] {logging_mixin.py:188} INFO - [2026-03-08T07:51:40.791+0000] {dagbag.py:538} INFO - Filling up the DagBag from /opt/airflow/dags/playlist_pipeline_dag.py
[2026-03-08T07:51:41.553+0000] {processor.py:840} INFO - DAG(s) 'playlist_pipeline' retrieved from /opt/airflow/dags/playlist_pipeline_dag.py
[2026-03-08T07:51:41.594+0000] {logging_mixin.py:188} INFO - [2026-03-08T07:51:41.593+0000] {dag.py:3036} INFO - Sync 1 DAGs
[2026-03-08T07:51:41.615+0000] {logging_mixin.py:188} INFO - [2026-03-08T07:51:41.614+0000] {dag.py:3823} INFO - Setting next_dagrun for playlist_pipeline to None, run_after=None
[2026-03-08T07:51:41.710+0000] {processor.py:183} INFO - Processing /opt/airflow/dags/playlist_pipeline_dag.py took 0.929 seconds
[2026-03-08T07:52:12.092+0000] {processor.py:161} INFO - Started process (PID=170) to work on /opt/airflow/dags/playlist_pipeline_dag.py
[2026-03-08T07:52:12.095+0000] {processor.py:830} INFO - Processing file /opt/airflow/dags/playlist_pipeline_dag.py for tasks to queue
[2026-03-08T07:52:12.097+0000] {logging_mixin.py:188} INFO - [2026-03-08T07:52:12.096+0000] {dagbag.py:538} INFO - Filling up the DagBag from /opt/airflow/dags/playlist_pipeline_dag.py
[2026-03-08T07:52:12.779+0000] {processor.py:840} INFO - DAG(s) 'playlist_pipeline' retrieved from /opt/airflow/dags/playlist_pipeline_dag.py
[2026-03-08T07:52:12.817+0000] {logging_mixin.py:188} INFO - [2026-03-08T07:52:12.816+0000] {dag.py:3036} INFO - Sync 1 DAGs
[2026-03-08T07:52:12.835+0000] {logging_mixin.py:188} INFO - [2026-03-08T07:52:12.835+0000] {dag.py:3823} INFO - Setting next_dagrun for playlist_pipeline to None, run_after=None
[2026-03-08T07:52:12.928+0000] {processor.py:183} INFO - Processing /opt/airflow/dags/playlist_pipeline_dag.py took 0.840 seconds
[2026-03-08T07:52:43.415+0000] {processor.py:161} INFO - Started process (PID=172) to work on /opt/airflow/dags/playlist_pipeline_dag.py
[2026-03-08T07:52:43.418+0000] {processor.py:830} INFO - Processing file /opt/airflow/dags/playlist_pipeline_dag.py for tasks to queue
[2026-03-08T07:52:43.421+0000] {logging_mixin.py:188} INFO - [2026-03-08T07:52:43.420+0000] {dagbag.py:538} INFO - Filling up the DagBag from /opt/airflow/dags/playlist_pipeline_dag.py
[2026-03-08T07:52:44.214+0000] {processor.py:840} INFO - DAG(s) 'playlist_pipeline' retrieved from /opt/airflow/dags/playlist_pipeline_dag.py
[2026-03-08T07:52:44.254+0000] {logging_mixin.py:188} INFO - [2026-03-08T07:52:44.254+0000] {dag.py:3036} INFO - Sync 1 DAGs
[2026-03-08T07:52:44.276+0000] {logging_mixin.py:188} INFO - [2026-03-08T07:52:44.275+0000] {dag.py:3823} INFO - Setting next_dagrun for playlist_pipeline to None, run_after=None
[2026-03-08T07:52:44.370+0000] {processor.py:183} INFO - Processing /opt/airflow/dags/playlist_pipeline_dag.py took 0.962 seconds
[2026-03-08T07:53:14.703+0000] {processor.py:161} INFO - Started process (PID=174) to work on /opt/airflow/dags/playlist_pipeline_dag.py
[2026-03-08T07:53:14.706+0000] {processor.py:830} INFO - Processing file /opt/airflow/dags/playlist_pipeline_dag.py for tasks to queue
[2026-03-08T07:53:14.708+0000] {logging_mixin.py:188} INFO - [2026-03-08T07:53:14.707+0000] {dagbag.py:538} INFO - Filling up the DagBag from /opt/airflow/dags/playlist_pipeline_dag.py
[2026-03-08T07:53:15.481+0000] {processor.py:840} INFO - DAG(s) 'playlist_pipeline' retrieved from /opt/airflow/dags/playlist_pipeline_dag.py
[2026-03-08T07:53:15.521+0000] {logging_mixin.py:188} INFO - [2026-03-08T07:53:15.520+0000] {dag.py:3036} INFO - Sync 1 DAGs
[2026-03-08T07:53:15.540+0000] {logging_mixin.py:188} INFO - [2026-03-08T07:53:15.540+0000] {dag.py:3823} INFO - Setting next_dagrun for playlist_pipeline to None, run_after=None
[2026-03-08T07:53:15.609+0000] {processor.py:183} INFO - Processing /opt/airflow/dags/playlist_pipeline_dag.py took 0.912 seconds
[2026-03-08T07:53:46.008+0000] {processor.py:161} INFO - Started process (PID=177) to work on /opt/airflow/dags/playlist_pipeline_dag.py
[2026-03-08T07:53:46.011+0000] {processor.py:830} INFO - Processing file /opt/airflow/dags/playlist_pipeline_dag.py for tasks to queue
[2026-03-08T07:53:46.018+0000] {logging_mixin.py:188} INFO - [2026-03-08T07:53:46.016+0000] {dagbag.py:538} INFO - Filling up the DagBag from /opt/airflow/dags/playlist_pipeline_dag.py
[2026-03-08T07:53:46.699+0000] {processor.py:840} INFO - DAG(s) 'playlist_pipeline' retrieved from /opt/airflow/dags/playlist_pipeline_dag.py
[2026-03-08T07:53:46.745+0000] {logging_mixin.py:188} INFO - [2026-03-08T07:53:46.744+0000] {dag.py:3036} INFO - Sync 1 DAGs
[2026-03-08T07:53:46.765+0000] {logging_mixin.py:188} INFO - [2026-03-08T07:53:46.764+0000] {dag.py:3823} INFO - Setting next_dagrun for playlist_pipeline to None, run_after=None
[2026-03-08T07:53:46.845+0000] {processor.py:183} INFO - Processing /opt/airflow/dags/playlist_pipeline_dag.py took 0.844 seconds
[2026-03-08T07:54:17.480+0000] {processor.py:161} INFO - Started process (PID=212) to work on /opt/airflow/dags/playlist_pipeline_dag.py
[2026-03-08T07:54:17.484+0000] {processor.py:830} INFO - Processing file /opt/airflow/dags/playlist_pipeline_dag.py for tasks to queue
[2026-03-08T07:54:17.486+0000] {logging_mixin.py:188} INFO - [2026-03-08T07:54:17.486+0000] {dagbag.py:538} INFO - Filling up the DagBag from /opt/airflow/dags/playlist_pipeline_dag.py
[2026-03-08T07:54:18.160+0000] {processor.py:840} INFO - DAG(s) 'playlist_pipeline' retrieved from /opt/airflow/dags/playlist_pipeline_dag.py
[2026-03-08T07:54:18.196+0000] {logging_mixin.py:188} INFO - [2026-03-08T07:54:18.195+0000] {dag.py:3036} INFO - Sync 1 DAGs
[2026-03-08T07:54:18.213+0000] {logging_mixin.py:188} INFO - [2026-03-08T07:54:18.212+0000] {dag.py:3823} INFO - Setting next_dagrun for playlist_pipeline to None, run_after=None
[2026-03-08T07:54:18.318+0000] {processor.py:183} INFO - Processing /opt/airflow/dags/playlist_pipeline_dag.py took 0.842 seconds
[2026-03-08T07:54:48.657+0000] {processor.py:161} INFO - Started process (PID=214) to work on /opt/airflow/dags/playlist_pipeline_dag.py
[2026-03-08T07:54:48.658+0000] {processor.py:830} INFO - Processing file /opt/airflow/dags/playlist_pipeline_dag.py for tasks to queue
[2026-03-08T07:54:48.661+0000] {logging_mixin.py:188} INFO - [2026-03-08T07:54:48.660+0000] {dagbag.py:538} INFO - Filling up the DagBag from /opt/airflow/dags/playlist_pipeline_dag.py
[2026-03-08T07:54:49.392+0000] {processor.py:840} INFO - DAG(s) 'playlist_pipeline' retrieved from /opt/airflow/dags/playlist_pipeline_dag.py
[2026-03-08T07:54:49.437+0000] {logging_mixin.py:188} INFO - [2026-03-08T07:54:49.436+0000] {dag.py:3036} INFO - Sync 1 DAGs
[2026-03-08T07:54:49.454+0000] {logging_mixin.py:188} INFO - [2026-03-08T07:54:49.454+0000] {dag.py:3823} INFO - Setting next_dagrun for playlist_pipeline to None, run_after=None
[2026-03-08T07:54:49.545+0000] {processor.py:183} INFO - Processing /opt/airflow/dags/playlist_pipeline_dag.py took 0.893 seconds
[2026-03-08T07:55:19.782+0000] {processor.py:161} INFO - Started process (PID=216) to work on /opt/airflow/dags/playlist_pipeline_dag.py
[2026-03-08T07:55:19.785+0000] {processor.py:830} INFO - Processing file /opt/airflow/dags/playlist_pipeline_dag.py for tasks to queue
[2026-03-08T07:55:19.786+0000] {logging_mixin.py:188} INFO - [2026-03-08T07:55:19.786+0000] {dagbag.py:538} INFO - Filling up the DagBag from /opt/airflow/dags/playlist_pipeline_dag.py
[2026-03-08T07:55:20.478+0000] {processor.py:840} INFO - DAG(s) 'playlist_pipeline' retrieved from /opt/airflow/dags/playlist_pipeline_dag.py
[2026-03-08T07:55:20.527+0000] {logging_mixin.py:188} INFO - [2026-03-08T07:55:20.526+0000] {dag.py:3036} INFO - Sync 1 DAGs
[2026-03-08T07:55:20.557+0000] {logging_mixin.py:188} INFO - [2026-03-08T07:55:20.557+0000] {dag.py:3823} INFO - Setting next_dagrun for playlist_pipeline to None, run_after=None
[2026-03-08T07:55:20.656+0000] {processor.py:183} INFO - Processing /opt/airflow/dags/playlist_pipeline_dag.py took 0.879 seconds
[2026-03-08T07:55:51.159+0000] {processor.py:161} INFO - Started process (PID=218) to work on /opt/airflow/dags/playlist_pipeline_dag.py
[2026-03-08T07:55:51.163+0000] {processor.py:830} INFO - Processing file /opt/airflow/dags/playlist_pipeline_dag.py for tasks to queue
[2026-03-08T07:55:51.167+0000] {logging_mixin.py:188} INFO - [2026-03-08T07:55:51.166+0000] {dagbag.py:538} INFO - Filling up the DagBag from /opt/airflow/dags/playlist_pipeline_dag.py
[2026-03-08T07:55:52.328+0000] {processor.py:840} INFO - DAG(s) 'playlist_pipeline' retrieved from /opt/airflow/dags/playlist_pipeline_dag.py
[2026-03-08T07:55:52.370+0000] {logging_mixin.py:188} INFO - [2026-03-08T07:55:52.369+0000] {dag.py:3036} INFO - Sync 1 DAGs
[2026-03-08T07:55:52.389+0000] {logging_mixin.py:188} INFO - [2026-03-08T07:55:52.389+0000] {dag.py:3823} INFO - Setting next_dagrun for playlist_pipeline to None, run_after=None
[2026-03-08T07:55:52.467+0000] {processor.py:183} INFO - Processing /opt/airflow/dags/playlist_pipeline_dag.py took 1.314 seconds
[2026-03-08T07:56:22.914+0000] {processor.py:161} INFO - Started process (PID=220) to work on /opt/airflow/dags/playlist_pipeline_dag.py
[2026-03-08T07:56:22.916+0000] {processor.py:830} INFO - Processing file /opt/airflow/dags/playlist_pipeline_dag.py for tasks to queue
[2026-03-08T07:56:22.919+0000] {logging_mixin.py:188} INFO - [2026-03-08T07:56:22.918+0000] {dagbag.py:538} INFO - Filling up the DagBag from /opt/airflow/dags/playlist_pipeline_dag.py
[2026-03-08T07:56:23.715+0000] {processor.py:840} INFO - DAG(s) 'playlist_pipeline' retrieved from /opt/airflow/dags/playlist_pipeline_dag.py
[2026-03-08T07:56:23.752+0000] {logging_mixin.py:188} INFO - [2026-03-08T07:56:23.751+0000] {dag.py:3036} INFO - Sync 1 DAGs
[2026-03-08T07:56:23.776+0000] {logging_mixin.py:188} INFO - [2026-03-08T07:56:23.776+0000] {dag.py:3823} INFO - Setting next_dagrun for playlist_pipeline to None, run_after=None
[2026-03-08T07:56:23.919+0000] {processor.py:183} INFO - Processing /opt/airflow/dags/playlist_pipeline_dag.py took 1.009 seconds
[2026-03-08T07:56:54.465+0000] {processor.py:161} INFO - Started process (PID=222) to work on /opt/airflow/dags/playlist_pipeline_dag.py
[2026-03-08T07:56:54.468+0000] {processor.py:830} INFO - Processing file /opt/airflow/dags/playlist_pipeline_dag.py for tasks to queue
[2026-03-08T07:56:54.470+0000] {logging_mixin.py:188} INFO - [2026-03-08T07:56:54.469+0000] {dagbag.py:538} INFO - Filling up the DagBag from /opt/airflow/dags/playlist_pipeline_dag.py
[2026-03-08T07:56:55.204+0000] {processor.py:840} INFO - DAG(s) 'playlist_pipeline' retrieved from /opt/airflow/dags/playlist_pipeline_dag.py
[2026-03-08T07:56:55.251+0000] {logging_mixin.py:188} INFO - [2026-03-08T07:56:55.250+0000] {dag.py:3036} INFO - Sync 1 DAGs
[2026-03-08T07:56:55.273+0000] {logging_mixin.py:188} INFO - [2026-03-08T07:56:55.273+0000] {dag.py:3823} INFO - Setting next_dagrun for playlist_pipeline to None, run_after=None
[2026-03-08T07:56:55.387+0000] {processor.py:183} INFO - Processing /opt/airflow/dags/playlist_pipeline_dag.py took 0.926 seconds
[2026-03-08T07:57:25.807+0000] {processor.py:161} INFO - Started process (PID=224) to work on /opt/airflow/dags/playlist_pipeline_dag.py
[2026-03-08T07:57:25.808+0000] {processor.py:830} INFO - Processing file /opt/airflow/dags/playlist_pipeline_dag.py for tasks to queue
[2026-03-08T07:57:25.810+0000] {logging_mixin.py:188} INFO - [2026-03-08T07:57:25.809+0000] {dagbag.py:538} INFO - Filling up the DagBag from /opt/airflow/dags/playlist_pipeline_dag.py
[2026-03-08T07:57:26.532+0000] {processor.py:840} INFO - DAG(s) 'playlist_pipeline' retrieved from /opt/airflow/dags/playlist_pipeline_dag.py
[2026-03-08T07:57:26.580+0000] {logging_mixin.py:188} INFO - [2026-03-08T07:57:26.579+0000] {dag.py:3036} INFO - Sync 1 DAGs
[2026-03-08T07:57:26.605+0000] {logging_mixin.py:188} INFO - [2026-03-08T07:57:26.605+0000] {dag.py:3823} INFO - Setting next_dagrun for playlist_pipeline to None, run_after=None
[2026-03-08T07:57:26.696+0000] {processor.py:183} INFO - Processing /opt/airflow/dags/playlist_pipeline_dag.py took 0.893 seconds
[2026-03-08T07:57:57.117+0000] {processor.py:161} INFO - Started process (PID=226) to work on /opt/airflow/dags/playlist_pipeline_dag.py
[2026-03-08T07:57:57.119+0000] {processor.py:830} INFO - Processing file /opt/airflow/dags/playlist_pipeline_dag.py for tasks to queue
[2026-03-08T07:57:57.122+0000] {logging_mixin.py:188} INFO - [2026-03-08T07:57:57.121+0000] {dagbag.py:538} INFO - Filling up the DagBag from /opt/airflow/dags/playlist_pipeline_dag.py
[2026-03-08T07:57:57.909+0000] {processor.py:840} INFO - DAG(s) 'playlist_pipeline' retrieved from /opt/airflow/dags/playlist_pipeline_dag.py
[2026-03-08T07:57:57.951+0000] {logging_mixin.py:188} INFO - [2026-03-08T07:57:57.945+0000] {dag.py:3036} INFO - Sync 1 DAGs
[2026-03-08T07:57:57.973+0000] {logging_mixin.py:188} INFO - [2026-03-08T07:57:57.972+0000] {dag.py:3823} INFO - Setting next_dagrun for playlist_pipeline to None, run_after=None
[2026-03-08T07:57:58.074+0000] {processor.py:183} INFO - Processing /opt/airflow/dags/playlist_pipeline_dag.py took 0.962 seconds
[2026-03-08T07:58:28.587+0000] {processor.py:161} INFO - Started process (PID=228) to work on /opt/airflow/dags/playlist_pipeline_dag.py
[2026-03-08T07:58:28.589+0000] {processor.py:830} INFO - Processing file /opt/airflow/dags/playlist_pipeline_dag.py for tasks to queue
[2026-03-08T07:58:28.593+0000] {logging_mixin.py:188} INFO - [2026-03-08T07:58:28.591+0000] {dagbag.py:538} INFO - Filling up the DagBag from /opt/airflow/dags/playlist_pipeline_dag.py
[2026-03-08T07:58:29.588+0000] {processor.py:840} INFO - DAG(s) 'playlist_pipeline' retrieved from /opt/airflow/dags/playlist_pipeline_dag.py
[2026-03-08T07:58:29.641+0000] {logging_mixin.py:188} INFO - [2026-03-08T07:58:29.640+0000] {dag.py:3036} INFO - Sync 1 DAGs
[2026-03-08T07:58:29.665+0000] {logging_mixin.py:188} INFO - [2026-03-08T07:58:29.665+0000] {dag.py:3823} INFO - Setting next_dagrun for playlist_pipeline to None, run_after=None
[2026-03-08T07:58:29.759+0000] {processor.py:183} INFO - Processing /opt/airflow/dags/playlist_pipeline_dag.py took 1.183 seconds
[2026-03-08T07:59:00.271+0000] {processor.py:161} INFO - Started process (PID=230) to work on /opt/airflow/dags/playlist_pipeline_dag.py
[2026-03-08T07:59:00.273+0000] {processor.py:830} INFO - Processing file /opt/airflow/dags/playlist_pipeline_dag.py for tasks to queue
[2026-03-08T07:59:00.276+0000] {logging_mixin.py:188} INFO - [2026-03-08T07:59:00.275+0000] {dagbag.py:538} INFO - Filling up the DagBag from /opt/airflow/dags/playlist_pipeline_dag.py
[2026-03-08T07:59:00.964+0000] {processor.py:840} INFO - DAG(s) 'playlist_pipeline' retrieved from /opt/airflow/dags/playlist_pipeline_dag.py
[2026-03-08T07:59:01.006+0000] {logging_mixin.py:188} INFO - [2026-03-08T07:59:01.006+0000] {dag.py:3036} INFO - Sync 1 DAGs
[2026-03-08T07:59:01.026+0000] {logging_mixin.py:188} INFO - [2026-03-08T07:59:01.026+0000] {dag.py:3823} INFO - Setting next_dagrun for playlist_pipeline to None, run_after=None
[2026-03-08T07:59:01.115+0000] {processor.py:183} INFO - Processing /opt/airflow/dags/playlist_pipeline_dag.py took 0.851 seconds
[2026-03-08T07:59:31.317+0000] {processor.py:161} INFO - Started process (PID=232) to work on /opt/airflow/dags/playlist_pipeline_dag.py
[2026-03-08T07:59:31.319+0000] {processor.py:830} INFO - Processing file /opt/airflow/dags/playlist_pipeline_dag.py for tasks to queue
[2026-03-08T07:59:31.321+0000] {logging_mixin.py:188} INFO - [2026-03-08T07:59:31.320+0000] {dagbag.py:538} INFO - Filling up the DagBag from /opt/airflow/dags/playlist_pipeline_dag.py
[2026-03-08T07:59:32.000+0000] {processor.py:840} INFO - DAG(s) 'playlist_pipeline' retrieved from /opt/airflow/dags/playlist_pipeline_dag.py
[2026-03-08T07:59:32.042+0000] {logging_mixin.py:188} INFO - [2026-03-08T07:59:32.041+0000] {dag.py:3036} INFO - Sync 1 DAGs
[2026-03-08T07:59:32.063+0000] {logging_mixin.py:188} INFO - [2026-03-08T07:59:32.062+0000] {dag.py:3823} INFO - Setting next_dagrun for playlist_pipeline to None, run_after=None
[2026-03-08T07:59:32.139+0000] {processor.py:183} INFO - Processing /opt/airflow/dags/playlist_pipeline_dag.py took 0.827 seconds
[2026-03-08T08:00:02.584+0000] {processor.py:161} INFO - Started process (PID=234) to work on /opt/airflow/dags/playlist_pipeline_dag.py
[2026-03-08T08:00:02.588+0000] {processor.py:830} INFO - Processing file /opt/airflow/dags/playlist_pipeline_dag.py for tasks to queue
[2026-03-08T08:00:02.590+0000] {logging_mixin.py:188} INFO - [2026-03-08T08:00:02.589+0000] {dagbag.py:538} INFO - Filling up the DagBag from /opt/airflow/dags/playlist_pipeline_dag.py
[2026-03-08T08:00:03.337+0000] {processor.py:840} INFO - DAG(s) 'playlist_pipeline' retrieved from /opt/airflow/dags/playlist_pipeline_dag.py
[2026-03-08T08:00:03.367+0000] {logging_mixin.py:188} INFO - [2026-03-08T08:00:03.366+0000] {dag.py:3036} INFO - Sync 1 DAGs
[2026-03-08T08:00:03.381+0000] {logging_mixin.py:188} INFO - [2026-03-08T08:00:03.381+0000] {dag.py:3823} INFO - Setting next_dagrun for playlist_pipeline to None, run_after=None
[2026-03-08T08:00:03.496+0000] {processor.py:183} INFO - Processing /opt/airflow/dags/playlist_pipeline_dag.py took 0.923 seconds
[2026-03-08T08:00:33.957+0000] {processor.py:161} INFO - Started process (PID=236) to work on /opt/airflow/dags/playlist_pipeline_dag.py
[2026-03-08T08:00:33.965+0000] {processor.py:830} INFO - Processing file /opt/airflow/dags/playlist_pipeline_dag.py for tasks to queue
[2026-03-08T08:00:33.972+0000] {logging_mixin.py:188} INFO - [2026-03-08T08:00:33.971+0000] {dagbag.py:538} INFO - Filling up the DagBag from /opt/airflow/dags/playlist_pipeline_dag.py
[2026-03-08T08:00:34.936+0000] {processor.py:840} INFO - DAG(s) 'playlist_pipeline' retrieved from /opt/airflow/dags/playlist_pipeline_dag.py
[2026-03-08T08:00:34.988+0000] {logging_mixin.py:188} INFO - [2026-03-08T08:00:34.987+0000] {dag.py:3036} INFO - Sync 1 DAGs
[2026-03-08T08:00:35.011+0000] {logging_mixin.py:188} INFO - [2026-03-08T08:00:35.011+0000] {dag.py:3823} INFO - Setting next_dagrun for playlist_pipeline to None, run_after=None
[2026-03-08T08:00:35.119+0000] {processor.py:183} INFO - Processing /opt/airflow/dags/playlist_pipeline_dag.py took 1.173 seconds
[2026-03-08T08:01:05.538+0000] {processor.py:161} INFO - Started process (PID=238) to work on /opt/airflow/dags/playlist_pipeline_dag.py
[2026-03-08T08:01:05.540+0000] {processor.py:830} INFO - Processing file /opt/airflow/dags/playlist_pipeline_dag.py for tasks to queue
[2026-03-08T08:01:05.542+0000] {logging_mixin.py:188} INFO - [2026-03-08T08:01:05.542+0000] {dagbag.py:538} INFO - Filling up the DagBag from /opt/airflow/dags/playlist_pipeline_dag.py
[2026-03-08T08:01:06.284+0000] {processor.py:840} INFO - DAG(s) 'playlist_pipeline' retrieved from /opt/airflow/dags/playlist_pipeline_dag.py
[2026-03-08T08:01:06.319+0000] {logging_mixin.py:188} INFO - [2026-03-08T08:01:06.318+0000] {dag.py:3036} INFO - Sync 1 DAGs
[2026-03-08T08:01:06.343+0000] {logging_mixin.py:188} INFO - [2026-03-08T08:01:06.343+0000] {dag.py:3823} INFO - Setting next_dagrun for playlist_pipeline to None, run_after=None
[2026-03-08T08:01:06.450+0000] {processor.py:183} INFO - Processing /opt/airflow/dags/playlist_pipeline_dag.py took 0.918 seconds
[2026-03-08T08:01:36.787+0000] {processor.py:161} INFO - Started process (PID=240) to work on /opt/airflow/dags/playlist_pipeline_dag.py
[2026-03-08T08:01:36.789+0000] {processor.py:830} INFO - Processing file /opt/airflow/dags/playlist_pipeline_dag.py for tasks to queue
[2026-03-08T08:01:36.791+0000] {logging_mixin.py:188} INFO - [2026-03-08T08:01:36.790+0000] {dagbag.py:538} INFO - Filling up the DagBag from /opt/airflow/dags/playlist_pipeline_dag.py
[2026-03-08T08:01:37.404+0000] {processor.py:840} INFO - DAG(s) 'playlist_pipeline' retrieved from /opt/airflow/dags/playlist_pipeline_dag.py
[2026-03-08T08:01:37.439+0000] {logging_mixin.py:188} INFO - [2026-03-08T08:01:37.438+0000] {dag.py:3036} INFO - Sync 1 DAGs
[2026-03-08T08:01:37.457+0000] {logging_mixin.py:188} INFO - [2026-03-08T08:01:37.457+0000] {dag.py:3823} INFO - Setting next_dagrun for playlist_pipeline to None, run_after=None
[2026-03-08T08:01:37.526+0000] {processor.py:183} INFO - Processing /opt/airflow/dags/playlist_pipeline_dag.py took 0.743 seconds
[2026-03-08T08:02:07.843+0000] {processor.py:161} INFO - Started process (PID=242) to work on /opt/airflow/dags/playlist_pipeline_dag.py
[2026-03-08T08:02:07.846+0000] {processor.py:830} INFO - Processing file /opt/airflow/dags/playlist_pipeline_dag.py for tasks to queue
[2026-03-08T08:02:07.849+0000] {logging_mixin.py:188} INFO - [2026-03-08T08:02:07.848+0000] {dagbag.py:538} INFO - Filling up the DagBag from /opt/airflow/dags/playlist_pipeline_dag.py
[2026-03-08T08:02:08.551+0000] {processor.py:840} INFO - DAG(s) 'playlist_pipeline' retrieved from /opt/airflow/dags/playlist_pipeline_dag.py
[2026-03-08T08:02:08.585+0000] {logging_mixin.py:188} INFO - [2026-03-08T08:02:08.585+0000] {dag.py:3036} INFO - Sync 1 DAGs
[2026-03-08T08:02:08.603+0000] {logging_mixin.py:188} INFO - [2026-03-08T08:02:08.603+0000] {dag.py:3823} INFO - Setting next_dagrun for playlist_pipeline to None, run_after=None
[2026-03-08T08:02:08.684+0000] {processor.py:183} INFO - Processing /opt/airflow/dags/playlist_pipeline_dag.py took 0.848 seconds
[2026-03-08T08:02:39.031+0000] {processor.py:161} INFO - Started process (PID=244) to work on /opt/airflow/dags/playlist_pipeline_dag.py
[2026-03-08T08:02:39.033+0000] {processor.py:830} INFO - Processing file /opt/airflow/dags/playlist_pipeline_dag.py for tasks to queue
[2026-03-08T08:02:39.036+0000] {logging_mixin.py:188} INFO - [2026-03-08T08:02:39.035+0000] {dagbag.py:538} INFO - Filling up the DagBag from /opt/airflow/dags/playlist_pipeline_dag.py
[2026-03-08T08:02:39.770+0000] {processor.py:840} INFO - DAG(s) 'playlist_pipeline' retrieved from /opt/airflow/dags/playlist_pipeline_dag.py
[2026-03-08T08:02:39.820+0000] {logging_mixin.py:188} INFO - [2026-03-08T08:02:39.818+0000] {dag.py:3036} INFO - Sync 1 DAGs
[2026-03-08T08:02:39.844+0000] {logging_mixin.py:188} INFO - [2026-03-08T08:02:39.844+0000] {dag.py:3823} INFO - Setting next_dagrun for playlist_pipeline to None, run_after=None
[2026-03-08T08:02:39.955+0000] {processor.py:183} INFO - Processing /opt/airflow/dags/playlist_pipeline_dag.py took 0.929 seconds
